\doxysection{\+\_\+expected\texorpdfstring{$<$}{<} Value \texorpdfstring{$>$}{>} Struct Template Reference}
\hypertarget{structunifex_1_1__util_1_1__expected}{}\label{structunifex_1_1__util_1_1__expected}\index{\_expected$<$ Value $>$@{\_expected$<$ Value $>$}}
\doxysubsubsection*{Public Member Functions}
\begin{DoxyCompactItemize}
\item 
\Hypertarget{structunifex_1_1__util_1_1__expected_a6791039b5fd71bce526db0b79e0d047f}\label{structunifex_1_1__util_1_1__expected_a6791039b5fd71bce526db0b79e0d047f} 
void {\bfseries reset\+\_\+value} () noexcept
\end{DoxyCompactItemize}
\doxysubsubsection*{Public Attributes}
\begin{DoxyCompactItemize}
\item 
\Hypertarget{structunifex_1_1__util_1_1__expected_a73eab03fabfe9322e7755055819f233b}\label{structunifex_1_1__util_1_1__expected_a73eab03fabfe9322e7755055819f233b} 
\+\_\+state {\bfseries state\+\_\+} = \+\_\+state\+::empty
\item 
\Hypertarget{structunifex_1_1__util_1_1__expected_aae0bfca6cd758b39150444a894d34de6}\label{structunifex_1_1__util_1_1__expected_aae0bfca6cd758b39150444a894d34de6} 
\begin{tabbing}
xx\=xx\=xx\=xx\=xx\=xx\=xx\=xx\=xx\=\kill
union \{\\
\>\mbox{\hyperlink{classunifex_1_1manual__lifetime}{manual\_lifetime}}$<$ Value $>$ {\bfseries value\_}\\
\>\mbox{\hyperlink{classunifex_1_1manual__lifetime}{manual\_lifetime}}$<$ std::exception\_ptr $>$ {\bfseries exception\_}\\
\}; \\

\end{tabbing}\end{DoxyCompactItemize}


The documentation for this struct was generated from the following file\+:\begin{DoxyCompactItemize}
\item 
include/unifex/await\+\_\+transform.\+hpp\end{DoxyCompactItemize}
